              _             
             (_)            
   __ _ _ __  _ _ __   __ _ 
  / _` | '_ \| | '_ \ / _` |
 | (_| | | | | | | | | (_| |
  \__, |_| |_|_|_| |_|\__,_|
   __/ |                    
  |___/                     

gnina is based off of smina and AutoDock Vina.
Please cite appropriately.

*** IMPORTANT: gnina is not yet intended for production use. Use smina. ***

Weights      Terms
-0.035579    gauss(o=0,_w=0.5,_c=8)
-0.005156    gauss(o=3,_w=2,_c=8)
0.840245     repulsion(o=0,_c=8)
-0.035069    hydrophobic(g=0.5,_b=1.5,_c=8)
-0.587439    non_dir_h_bond(g=-0.7,_b=0,_c=8)
1.923        num_tors_div

Affinity: -6.23216  0.11580 (kcal/mol)
RMSD: 0.71862
Affinity: -3.35805  -0.10026 (kcal/mol)
RMSD: 3.74351
Affinity: -6.26621  1.63181 (kcal/mol)
RMSD: 1.83067
Affinity: -6.23540  -0.56891 (kcal/mol)
RMSD: 1.73068
Affinity: -6.64434  -0.22002 (kcal/mol)
RMSD: 1.90845
Affinity: -5.58042  -0.30605 (kcal/mol)
RMSD: 1.24654
Affinity: -5.59867  -0.34370 (kcal/mol)
RMSD: 1.25396
Affinity: -7.17007  -0.51711 (kcal/mol)
RMSD: 0.67743
Affinity: -7.26196  -0.54401 (kcal/mol)
RMSD: 0.95033
Affinity: -7.26194  -0.54399 (kcal/mol)
RMSD: 0.95026
Affinity: -5.99160  -0.14101 (kcal/mol)
RMSD: 1.84794
Affinity: -5.47828  -0.34684 (kcal/mol)
RMSD: 1.11624
Affinity: -6.81479  -0.43737 (kcal/mol)
RMSD: 1.51890
Affinity: -5.89016  -0.44845 (kcal/mol)
RMSD: 0.86953
Affinity: -6.17603  0.09226 (kcal/mol)
RMSD: 0.76451
Affinity: -7.69467  0.44202 (kcal/mol)
RMSD: 0.73337
Affinity: -7.93095  0.68460 (kcal/mol)
RMSD: 0.86111
Affinity: -7.93020  0.68405 (kcal/mol)
RMSD: 0.86078
Affinity: -5.93503  -0.32250 (kcal/mol)
RMSD: 1.44573
Affinity: -7.67325  0.36920 (kcal/mol)
RMSD: 0.68679
Affinity: -3.62634  0.05010 (kcal/mol)
RMSD: 1.46847
Affinity: -6.71015  0.26063 (kcal/mol)
RMSD: 0.93779
Affinity: -6.70753  0.26049 (kcal/mol)
RMSD: 0.93723
Affinity: -6.84048  0.51155 (kcal/mol)
RMSD: 1.34607
Affinity: -6.83517  0.52551 (kcal/mol)
RMSD: 1.33048
Affinity: -6.83519  0.52557 (kcal/mol)
RMSD: 1.33032
Affinity: -6.83520  0.52541 (kcal/mol)
RMSD: 1.33046
Affinity: -8.66769  0.41956 (kcal/mol)
RMSD: 1.69260
Affinity: -4.70818  1.36692 (kcal/mol)
RMSD: 2.70025
Affinity: -6.15234  -0.17526 (kcal/mol)
RMSD: 0.64818
Affinity: -6.15239  -0.17525 (kcal/mol)
RMSD: 0.64811
Affinity: -9.81129  0.23184 (kcal/mol)
RMSD: 1.98632
Affinity: -2.93152  -0.29303 (kcal/mol)
RMSD: 2.44555
Affinity: -2.93165  -0.29311 (kcal/mol)
RMSD: 1.46734
Affinity: -7.88695  -0.11086 (kcal/mol)
RMSD: 1.84355
Affinity: -0.84860  0.04585 (kcal/mol)
RMSD: 6.78214
Affinity: 0.94075  -0.29788 (kcal/mol)
RMSD: 2.58724
Affinity: 0.17412  -0.25449 (kcal/mol)
RMSD: 1.12946
Affinity: -9.86724  0.22626 (kcal/mol)
RMSD: 1.97947
Affinity: 0.92897  -0.29904 (kcal/mol)
RMSD: 2.58602
Affinity: -4.55045  -0.30819 (kcal/mol)
RMSD: 1.31011
Affinity: -5.00603  1.77678 (kcal/mol)
RMSD: 1.74777
Affinity: -5.00548  1.77701 (kcal/mol)
RMSD: 1.74759
Affinity: -3.81834  1.83728 (kcal/mol)
RMSD: 1.76123
Affinity: -3.81793  1.83675 (kcal/mol)
RMSD: 1.76136
Affinity: -7.51368  -0.60676 (kcal/mol)
RMSD: 0.34691
Affinity: -7.32005  -0.40041 (kcal/mol)
RMSD: 0.80037
Affinity: -7.44588  -0.38360 (kcal/mol)
RMSD: 0.44931
Affinity: -7.54857  -0.59923 (kcal/mol)
RMSD: 0.35001
Affinity: -7.51038  -0.58781 (kcal/mol)
RMSD: 0.57159
Affinity: -7.59785  -0.38032 (kcal/mol)
RMSD: 0.80874
Affinity: -6.33034  -0.19009 (kcal/mol)
RMSD: 0.74421
Affinity: -6.38271  -0.09647 (kcal/mol)
RMSD: 0.72548
Affinity: -5.64507  0.29051 (kcal/mol)
RMSD: 1.22823
Affinity: -5.56988  0.13698 (kcal/mol)
RMSD: 1.98787
Affinity: -5.21454  0.23109 (kcal/mol)
RMSD: 1.54736
Affinity: -6.80882  0.08778 (kcal/mol)
RMSD: 1.78038
Affinity: -6.82759  0.09177 (kcal/mol)
RMSD: 1.77272
Affinity: -5.48095  -0.03940 (kcal/mol)
RMSD: 2.17033
Affinity: -7.05581  -0.20522 (kcal/mol)
RMSD: 0.71958
Affinity: -7.00156  -0.19093 (kcal/mol)
RMSD: 0.72311
Affinity: -7.00159  -0.19090 (kcal/mol)
RMSD: 0.72332
Affinity: -7.05582  -0.20517 (kcal/mol)
RMSD: 0.71937
Affinity: -6.53009  -0.23258 (kcal/mol)
RMSD: 1.04234
Affinity: -8.00906  0.08766 (kcal/mol)
RMSD: 0.58160
Affinity: -4.94129  -0.42395 (kcal/mol)
RMSD: 2.89287
Affinity: -6.72666  -0.71664 (kcal/mol)
RMSD: 1.59963
Affinity: -6.95215  -0.11999 (kcal/mol)
RMSD: 1.66042
Affinity: -6.73210  -0.18992 (kcal/mol)
RMSD: 2.04520
Affinity: -7.06221  -0.32094 (kcal/mol)
RMSD: 1.99153
Affinity: -7.05594  -0.32092 (kcal/mol)
RMSD: 2.07859
Affinity: -6.99347  -0.11097 (kcal/mol)
RMSD: 1.84906
Affinity: -6.52675  -0.26061 (kcal/mol)
RMSD: 0.66276
Affinity: -5.28967  0.35021 (kcal/mol)
RMSD: 1.34690
Affinity: -7.03190  -0.20847 (kcal/mol)
RMSD: 1.12749
Affinity: -6.99227  -0.22750 (kcal/mol)
RMSD: 1.02279
Affinity: -6.91503  -0.19995 (kcal/mol)
RMSD: 1.04380
Affinity: -6.83542  -0.25441 (kcal/mol)
RMSD: 0.85720
Affinity: -6.83596  -0.25419 (kcal/mol)
RMSD: 0.85741
Affinity: -6.79063  -0.29084 (kcal/mol)
RMSD: 1.39683
Affinity: -4.10609  0.19675 (kcal/mol)
RMSD: 1.78488
Affinity: -4.04303  0.11253 (kcal/mol)
RMSD: 1.54431
Affinity: -8.45916  -0.24112 (kcal/mol)
RMSD: 0.54714
Affinity: -8.45924  -0.24101 (kcal/mol)
RMSD: 0.54710
Affinity: -8.46221  -0.25917 (kcal/mol)
RMSD: 0.59314
Affinity: -8.46221  -0.25920 (kcal/mol)
RMSD: 0.59364
Affinity: -6.41721  0.00303 (kcal/mol)
RMSD: 1.61085
Affinity: -6.37329  -0.04960 (kcal/mol)
RMSD: 1.64443
Affinity: -6.42231  -0.06801 (kcal/mol)
RMSD: 1.64559
Affinity: 1.59457  0.91118 (kcal/mol)
RMSD: 2.81207
Affinity: -6.82672  -0.31153 (kcal/mol)
RMSD: 0.35847
Affinity: -7.34060  -0.42937 (kcal/mol)
RMSD: 1.02517
Affinity: -6.82653  -0.31154 (kcal/mol)
RMSD: 0.35807
Affinity: -6.33888  -0.22381 (kcal/mol)
RMSD: 0.73797
Affinity: -6.31453  -0.28523 (kcal/mol)
RMSD: 0.87411
Affinity: -6.30705  -0.25599 (kcal/mol)
RMSD: 0.62291
Affinity: -6.88235  0.03936 (kcal/mol)
RMSD: 0.61673
Affinity: -7.68756  0.68585 (kcal/mol)
RMSD: 1.51046
Affinity: -7.12120  -0.36930 (kcal/mol)
RMSD: 1.55754
Affinity: -7.63014  0.17083 (kcal/mol)
RMSD: 1.48327
Affinity: -7.63138  -0.47699 (kcal/mol)
RMSD: 1.67311
Affinity: -8.99968  -0.33904 (kcal/mol)
RMSD: 0.57330
Affinity: -7.29668  -0.23812 (kcal/mol)
RMSD: 0.76434
Affinity: -9.05615  -0.44364 (kcal/mol)
RMSD: 0.59796
Affinity: -7.57619  -0.54041 (kcal/mol)
RMSD: 0.48850
Affinity: -7.34629  -0.35604 (kcal/mol)
RMSD: 0.44867
Affinity: -7.34329  -0.53832 (kcal/mol)
RMSD: 0.84265
Affinity: -7.34992  -0.21333 (kcal/mol)
RMSD: 0.43653
Affinity: -7.43537  -0.52896 (kcal/mol)
RMSD: 0.88273
Affinity: -7.36932  0.24726 (kcal/mol)
RMSD: 0.64777
Affinity: -7.37027  0.24880 (kcal/mol)
RMSD: 0.64955
Affinity: -7.85613  0.04043 (kcal/mol)
RMSD: 0.97079
Affinity: -5.75502  0.97172 (kcal/mol)
RMSD: 2.82814
Affinity: -3.79899  2.77089 (kcal/mol)
RMSD: 3.12922
Affinity: -2.09442  0.83474 (kcal/mol)
RMSD: 1.08801
Affinity: -6.44335  0.20925 (kcal/mol)
RMSD: 2.03336
Affinity: -5.59596  -0.15705 (kcal/mol)
RMSD: 1.17888
Affinity: -7.08884  0.45830 (kcal/mol)
RMSD: 1.37147
Affinity: -7.29446  0.27903 (kcal/mol)
RMSD: 1.02138
Affinity: -7.30454  0.39369 (kcal/mol)
RMSD: 1.53505
Affinity: -7.40479  0.50651 (kcal/mol)
RMSD: 1.48919
Affinity: -7.20071  -0.03944 (kcal/mol)
RMSD: 1.21922
Affinity: -7.40149  0.50622 (kcal/mol)
RMSD: 1.48960
Affinity: -5.50028  -0.09777 (kcal/mol)
RMSD: 0.93505
Affinity: -0.58845  0.15667 (kcal/mol)
RMSD: 2.14290
Affinity: -0.58102  0.15207 (kcal/mol)
RMSD: 2.13244
Affinity: -8.49549  -0.25806 (kcal/mol)
RMSD: 1.25246
Affinity: -8.67794  -0.12618 (kcal/mol)
RMSD: 0.77834
Affinity: -8.67787  -0.12615 (kcal/mol)
RMSD: 0.77845
Affinity: -8.94166  -0.35003 (kcal/mol)
RMSD: 0.94069
Affinity: -6.69618  -0.08916 (kcal/mol)
RMSD: 1.49013
Affinity: -5.86063  0.08418 (kcal/mol)
RMSD: 0.79157
Affinity: -8.45138  0.05485 (kcal/mol)
RMSD: 1.13510
Affinity: -6.15074  -0.25067 (kcal/mol)
RMSD: 0.45138
Affinity: -6.15076  -0.25068 (kcal/mol)
RMSD: 0.45148
Affinity: -6.28572  -0.06636 (kcal/mol)
RMSD: 1.10044
Affinity: -6.84657  -0.25088 (kcal/mol)
RMSD: 0.98289
Affinity: -4.92733  1.20144 (kcal/mol)
RMSD: 3.00128
Affinity: -5.41828  1.39754 (kcal/mol)
RMSD: 3.51451
Affinity: -1.82392  1.65367 (kcal/mol)
RMSD: 2.81344
Affinity: -6.30893  -0.26411 (kcal/mol)
RMSD: 0.95051
Affinity: -6.02272  3.02171 (kcal/mol)
RMSD: 3.91153
Affinity: -4.99451  -0.39548 (kcal/mol)
RMSD: 1.10565
Affinity: -4.99467  -0.39555 (kcal/mol)
RMSD: 1.10558
Affinity: -4.85768  -0.22176 (kcal/mol)
RMSD: 1.14366
Affinity: -4.86034  -0.22131 (kcal/mol)
RMSD: 1.14313
Affinity: -7.73593  -0.48287 (kcal/mol)
RMSD: 0.82627
Affinity: -6.35544  0.36874 (kcal/mol)
RMSD: 1.22758
Affinity: -6.51212  -0.21392 (kcal/mol)
RMSD: 0.76263
Affinity: -6.51221  -0.21396 (kcal/mol)
RMSD: 0.76272
Affinity: -6.61345  -0.10971 (kcal/mol)
RMSD: 0.50962
Affinity: -6.69204  -0.29410 (kcal/mol)
RMSD: 0.42153
Affinity: -6.69185  -0.29414 (kcal/mol)
RMSD: 0.42141
Affinity: -6.61333  -0.10971 (kcal/mol)
RMSD: 0.50953
Affinity: -6.69179  -0.29414 (kcal/mol)
RMSD: 0.42152
Affinity: -6.13553  0.11738 (kcal/mol)
RMSD: 2.40099
Affinity: -5.14198  0.24233 (kcal/mol)
RMSD: 1.40392
Affinity: -7.52538  -0.31812 (kcal/mol)
RMSD: 0.61223
Affinity: -7.52200  -0.31626 (kcal/mol)
RMSD: 0.60984
Affinity: -7.49053  -0.30068 (kcal/mol)
RMSD: 0.63306
Affinity: -8.79722  -0.16888 (kcal/mol)
RMSD: 1.61274
Affinity: -2.21050  0.07845 (kcal/mol)
RMSD: 1.37689
Affinity: -2.21375  0.07899 (kcal/mol)
RMSD: 1.37504
Affinity: -2.36271  0.18905 (kcal/mol)
RMSD: 1.07275
Affinity: -6.77450  -0.24874 (kcal/mol)
RMSD: 2.07838
Affinity: -5.44529  0.40321 (kcal/mol)
RMSD: 1.76149
Affinity: -7.46467  -0.31695 (kcal/mol)
RMSD: 1.52575
Affinity: -3.41426  0.44903 (kcal/mol)
RMSD: 1.72180
Affinity: -4.31807  1.01979 (kcal/mol)
RMSD: 3.03207
Affinity: -4.89051  0.46429 (kcal/mol)
RMSD: 2.67195
Affinity: -6.73719  -0.31612 (kcal/mol)
RMSD: 0.50965
Affinity: -6.73696  -0.31620 (kcal/mol)
RMSD: 0.50971
Affinity: -6.73689  -0.31608 (kcal/mol)
RMSD: 0.50969
Affinity: -6.95833  -0.17913 (kcal/mol)
RMSD: 0.79672
Affinity: -6.73698  -0.31605 (kcal/mol)
RMSD: 0.50972
Affinity: -6.95818  -0.17934 (kcal/mol)
RMSD: 0.79648
Affinity: -6.96075  -0.17949 (kcal/mol)
RMSD: 0.79698
Affinity: -6.96071  -0.17950 (kcal/mol)
RMSD: 0.79713
Affinity: -7.10006  -0.22533 (kcal/mol)
RMSD: 1.37472
Affinity: -4.78306  -0.24000 (kcal/mol)
RMSD: 1.10674
Affinity: -4.85838  -0.26491 (kcal/mol)
RMSD: 1.09512
Affinity: -6.56153  -0.95653 (kcal/mol)
RMSD: 1.69192
Affinity: -7.44386  0.32866 (kcal/mol)
RMSD: 1.33030
Affinity: -7.44386  0.32859 (kcal/mol)
RMSD: 1.33024
Affinity: -7.55953  0.38424 (kcal/mol)
RMSD: 1.10062
Affinity: -7.43289  0.33622 (kcal/mol)
RMSD: 1.29396
Affinity: -6.33389  0.36651 (kcal/mol)
RMSD: 1.45961
Affinity: -6.78295  0.60174 (kcal/mol)
RMSD: 1.36401
Affinity: -7.34269  0.29558 (kcal/mol)
RMSD: 1.38329
Affinity: -1.33842  0.30554 (kcal/mol)
RMSD: 1.29816
Affinity: -6.81987  0.35942 (kcal/mol)
RMSD: 1.54149
Affinity: -6.81971  0.35970 (kcal/mol)
RMSD: 1.54128
Affinity: -5.22425  1.28672 (kcal/mol)
RMSD: 1.78500
Affinity: -7.89807  -0.27888 (kcal/mol)
RMSD: 1.06901
Affinity: -7.58858  -0.37242 (kcal/mol)
RMSD: 1.11024
Affinity: -7.61057  -0.35662 (kcal/mol)
RMSD: 0.97482
Affinity: -7.61111  -0.35689 (kcal/mol)
RMSD: 0.97510
Affinity: -8.91229  -0.31781 (kcal/mol)
RMSD: 0.58124
Affinity: -7.83259  -0.21561 (kcal/mol)
RMSD: 0.75096
Affinity: -8.98209  -0.42654 (kcal/mol)
RMSD: 0.61169
Affinity: -6.12938  0.11995 (kcal/mol)
RMSD: 1.00663
Affinity: -6.62092  0.13705 (kcal/mol)
RMSD: 0.98650
Affinity: -5.88018  -0.67166 (kcal/mol)
RMSD: 1.30864
Affinity: -6.44489  0.74046 (kcal/mol)
RMSD: 1.31327
Affinity: -6.07297  0.78578 (kcal/mol)
RMSD: 2.22130
Affinity: -6.26856  0.10373 (kcal/mol)
RMSD: 2.10374
Affinity: -7.09236  0.06872 (kcal/mol)
RMSD: 1.79611
Affinity: -6.33193  -0.50741 (kcal/mol)
RMSD: 0.82166
Affinity: -6.47949  -0.51763 (kcal/mol)
RMSD: 0.81225
Affinity: 17.43269  0.21180 (kcal/mol)
RMSD: 1.10143
Affinity: -3.96334  0.99118 (kcal/mol)
RMSD: 2.20426
Affinity: -6.60290  -0.47525 (kcal/mol)
RMSD: 1.25790
Affinity: -7.33376  -0.42973 (kcal/mol)
RMSD: 1.69238
Affinity: -7.33610  -0.42952 (kcal/mol)
RMSD: 1.69291
Affinity: -5.67355  -0.39515 (kcal/mol)
RMSD: 2.22249
Affinity: -8.35016  -0.19002 (kcal/mol)
RMSD: 1.38314
Affinity: -7.97686  -0.50435 (kcal/mol)
RMSD: 1.14657
Affinity: -6.78069  -0.18899 (kcal/mol)
RMSD: 1.21978
Affinity: -6.78646  0.10572 (kcal/mol)
RMSD: 0.75053
Affinity: -6.58547  0.06690 (kcal/mol)
RMSD: 0.64639
Affinity: -6.25313  -0.04601 (kcal/mol)
RMSD: 0.73965
Affinity: -6.22741  -0.07584 (kcal/mol)
RMSD: 0.71384
Affinity: -7.91632  -0.31051 (kcal/mol)
RMSD: 0.63587
Affinity: -7.91644  -0.31008 (kcal/mol)
RMSD: 0.63590
Affinity: -7.85830  -0.56079 (kcal/mol)
RMSD: 0.73359
Affinity: -7.91128  -0.31145 (kcal/mol)
RMSD: 0.63544
Affinity: -7.85843  -0.56062 (kcal/mol)
RMSD: 0.73359
Affinity: -7.91599  -0.31076 (kcal/mol)
RMSD: 0.63568
Affinity: -7.91619  -0.31045 (kcal/mol)
RMSD: 0.63617
Affinity: -7.80017  -0.52228 (kcal/mol)
RMSD: 0.82485
Affinity: -8.02636  -0.33783 (kcal/mol)
RMSD: 0.63951
Affinity: -8.02521  -0.33939 (kcal/mol)
RMSD: 0.64026
Affinity: -7.80013  -0.52218 (kcal/mol)
RMSD: 0.82492
Affinity: -8.04828  -0.35255 (kcal/mol)
RMSD: 0.79056
Affinity: -7.91466  -0.33707 (kcal/mol)
RMSD: 0.81868
Affinity: -7.91453  -0.33724 (kcal/mol)
RMSD: 0.81838
Affinity: -7.82387  -0.55595 (kcal/mol)
RMSD: 0.58670
Affinity: -8.00844  -0.35495 (kcal/mol)
RMSD: 0.63198
Affinity: -6.66870  -0.08986 (kcal/mol)
RMSD: 1.26223
Affinity: -5.70437  -0.36151 (kcal/mol)
RMSD: 0.77986
Affinity: -7.76701  -0.49110 (kcal/mol)
RMSD: 0.67657
Affinity: -7.66835  -0.57208 (kcal/mol)
RMSD: 0.55540
Affinity: -7.66779  -0.57238 (kcal/mol)
RMSD: 0.55393
Affinity: -7.53893  -0.14321 (kcal/mol)
RMSD: 1.21456
Affinity: -7.53848  -0.14351 (kcal/mol)
RMSD: 1.21457
Affinity: -7.20756  -0.29340 (kcal/mol)
RMSD: 0.52138
Affinity: -7.48518  -0.07395 (kcal/mol)
RMSD: 0.67642
Affinity: -7.54015  -0.11926 (kcal/mol)
RMSD: 1.26983
Affinity: -7.48527  -0.07379 (kcal/mol)
RMSD: 0.67620
Affinity: -7.45343  -0.21638 (kcal/mol)
RMSD: 1.57265
Affinity: -7.43233  -0.24316 (kcal/mol)
RMSD: 1.55925
Affinity: -7.47771  -0.21407 (kcal/mol)
RMSD: 1.56019
Affinity: -6.60522  -0.16034 (kcal/mol)
RMSD: 1.26389
Affinity: -0.85168  0.14246 (kcal/mol)
RMSD: 2.36334
Affinity: -6.05692  1.17884 (kcal/mol)
RMSD: 2.36289
Affinity: -1.78953  0.14038 (kcal/mol)
RMSD: 4.11048
Affinity: -7.28988  -0.49970 (kcal/mol)
RMSD: 0.60123
Affinity: -7.94664  -0.52617 (kcal/mol)
RMSD: 1.46114
Affinity: -7.28999  -0.49948 (kcal/mol)
RMSD: 0.60112
Affinity: -7.29004  -0.49956 (kcal/mol)
RMSD: 0.60130
Affinity: -7.94665  -0.52618 (kcal/mol)
RMSD: 1.46083
Affinity: -7.30468  -0.50049 (kcal/mol)
RMSD: 0.64693
Affinity: -7.38545  -0.39263 (kcal/mol)
RMSD: 0.69518
Affinity: -7.87203  -0.05837 (kcal/mol)
RMSD: 1.41842
Affinity: -7.40175  -0.39334 (kcal/mol)
RMSD: 0.73774
Affinity: -7.97931  -0.10068 (kcal/mol)
RMSD: 1.76984
Affinity: -3.33053  1.21503 (kcal/mol)
RMSD: 3.26365
Affinity: -7.80812  -0.29274 (kcal/mol)
RMSD: 1.22935
Affinity: -4.00426  1.06289 (kcal/mol)
RMSD: 1.30864
Affinity: -4.00054  1.05723 (kcal/mol)
RMSD: 1.31738
Affinity: -3.99692  1.06098 (kcal/mol)
RMSD: 1.39767
Affinity: 0.30917  0.14766 (kcal/mol)
RMSD: 1.98061
Affinity: 6.43483  -0.15324 (kcal/mol)
RMSD: 1.99685
Affinity: -7.60292  -0.02454 (kcal/mol)
RMSD: 1.45287
Affinity: -7.70402  0.05766 (kcal/mol)
RMSD: 1.47663
Affinity: -7.99273  0.06730 (kcal/mol)
RMSD: 1.32724
Affinity: -7.35599  -0.50969 (kcal/mol)
RMSD: 1.16099
Affinity: -7.35575  -0.50971 (kcal/mol)
RMSD: 1.16095
Affinity: -7.78449  -0.44803 (kcal/mol)
RMSD: 0.59216
Affinity: -7.81024  -0.45411 (kcal/mol)
RMSD: 0.69910
Affinity: -7.48494  -0.28400 (kcal/mol)
RMSD: 0.86424
Affinity: -7.18483  0.28446 (kcal/mol)
RMSD: 1.05821
Affinity: -7.49768  0.01690 (kcal/mol)
RMSD: 0.84986
Affinity: -7.49731  0.01632 (kcal/mol)
RMSD: 0.84999
Affinity: -7.42581  -0.00235 (kcal/mol)
RMSD: 0.87392
Affinity: -7.16977  0.26172 (kcal/mol)
RMSD: 1.03527
Affinity: -7.45313  -0.30858 (kcal/mol)
RMSD: 1.19013
Affinity: -6.89197  -0.22699 (kcal/mol)
RMSD: 1.68904
Affinity: -7.27157  -0.29006 (kcal/mol)
RMSD: 1.01595
Affinity: -6.96728  -0.16123 (kcal/mol)
RMSD: 1.37522
Affinity: -5.03157  -0.24660 (kcal/mol)
RMSD: 2.64888
Affinity: -6.44050  0.16555 (kcal/mol)
RMSD: 2.72094
Affinity: -5.05197  -0.23327 (kcal/mol)
RMSD: 2.14997
Affinity: -4.73713  0.15841 (kcal/mol)
RMSD: 2.31886
Affinity: -6.45900  -0.20502 (kcal/mol)
RMSD: 1.99384
Affinity: -6.62538  -0.35471 (kcal/mol)
RMSD: 0.96564
Affinity: -6.29813  0.24716 (kcal/mol)
RMSD: 1.46652
Affinity: -5.14823  0.39810 (kcal/mol)
RMSD: 1.71789
Affinity: -0.67631  0.16282 (kcal/mol)
RMSD: 1.13913
Affinity: -4.40094  1.40196 (kcal/mol)
RMSD: 2.55996
Affinity: -5.99545  0.17550 (kcal/mol)
RMSD: 3.18398
Affinity: -4.62810  0.53232 (kcal/mol)
RMSD: 1.40357
Affinity: -3.77843  0.76289 (kcal/mol)
RMSD: 1.35604
Affinity: -3.33335  -0.38407 (kcal/mol)
RMSD: 1.57876
Affinity: -5.10831  -0.36177 (kcal/mol)
RMSD: 1.95343
Affinity: -5.00194  -0.45061 (kcal/mol)
RMSD: 2.88358
Affinity: -5.02314  -0.44961 (kcal/mol)
RMSD: 2.89565
Affinity: -4.81819  -0.59564 (kcal/mol)
RMSD: 1.86130
Affinity: -5.97736  -0.45480 (kcal/mol)
RMSD: 2.83145
Affinity: -4.81877  -0.59529 (kcal/mol)
RMSD: 1.86110
Affinity: -5.10097  -0.45401 (kcal/mol)
RMSD: 2.85631
Affinity: -3.11564  -0.42450 (kcal/mol)
RMSD: 1.56808
Affinity: -8.21497  0.75846 (kcal/mol)
RMSD: 0.95331
Affinity: -8.21485  0.75882 (kcal/mol)
RMSD: 0.95348
Affinity: -7.10382  -0.38947 (kcal/mol)
RMSD: 2.46800
Affinity: -6.39742  -0.25432 (kcal/mol)
RMSD: 0.71746
Affinity: -6.20884  0.14872 (kcal/mol)
RMSD: 0.98564
Affinity: -7.16659  0.65800 (kcal/mol)
RMSD: 1.18106
Affinity: -6.90779  0.52836 (kcal/mol)
RMSD: 1.31471
Affinity: -7.19669  0.66380 (kcal/mol)
RMSD: 1.18526
Affinity: -3.52575  -0.22456 (kcal/mol)
RMSD: 1.47936
Affinity: -6.44375  0.63844 (kcal/mol)
RMSD: 1.22978
Affinity: -2.27520  1.84855 (kcal/mol)
RMSD: 1.62059
Affinity: -7.26030  -0.15444 (kcal/mol)
RMSD: 1.99701
Affinity: -7.11888  0.00167 (kcal/mol)
RMSD: 1.16432
Affinity: -7.11878  0.00182 (kcal/mol)
RMSD: 1.16417
Affinity: -7.09854  0.51101 (kcal/mol)
RMSD: 1.26690
Affinity: -6.44890  -0.10596 (kcal/mol)
RMSD: 2.23575
Affinity: -7.03469  0.04814 (kcal/mol)
RMSD: 1.21204
Affinity: -6.56075  1.21501 (kcal/mol)
RMSD: 1.28726
Affinity: -6.25008  0.91936 (kcal/mol)
RMSD: 1.72945
Affinity: -7.28675  0.36071 (kcal/mol)
RMSD: 2.11837
Affinity: -7.32595  0.40840 (kcal/mol)
RMSD: 0.89974
Affinity: -6.13572  -0.14133 (kcal/mol)
RMSD: 0.74433
Affinity: -6.37571  0.10367 (kcal/mol)
RMSD: 1.13380
Affinity: -6.17455  -0.07845 (kcal/mol)
RMSD: 0.73412
Affinity: -6.23433  0.02077 (kcal/mol)
RMSD: 1.08679
Affinity: -6.66434  0.50669 (kcal/mol)
RMSD: 1.79635
Affinity: -6.67301  0.50956 (kcal/mol)
RMSD: 1.75801
Affinity: -5.13850  0.51435 (kcal/mol)
RMSD: 1.30445
Affinity: -5.83880  0.41031 (kcal/mol)
RMSD: 1.62752
Affinity: -6.39103  0.49565 (kcal/mol)
RMSD: 1.31688
Affinity: -6.54848  0.42683 (kcal/mol)
RMSD: 1.03029
Affinity: -6.71910  -0.11706 (kcal/mol)
RMSD: 2.24384
Affinity: -5.83949  0.68126 (kcal/mol)
RMSD: 1.06352
Affinity: -7.63018  -0.49271 (kcal/mol)
RMSD: 1.95876
Affinity: -7.64223  -0.53011 (kcal/mol)
RMSD: 0.93194
Affinity: -7.98657  -0.29856 (kcal/mol)
RMSD: 1.60607
Affinity: -8.10085  -0.46304 (kcal/mol)
RMSD: 0.94273
Affinity: -6.64421  -0.19577 (kcal/mol)
RMSD: 1.35774
Affinity: -6.72582  -0.42382 (kcal/mol)
RMSD: 1.15306
Affinity: -6.28703  -0.22264 (kcal/mol)
RMSD: 0.76620
Affinity: -6.27846  -0.01925 (kcal/mol)
RMSD: 0.73589
Affinity: -8.28083  -0.33384 (kcal/mol)
RMSD: 0.82510
Affinity: -8.30778  -0.28272 (kcal/mol)
RMSD: 0.89946
Affinity: -1.51267  0.15604 (kcal/mol)
RMSD: 2.33266
Affinity: -4.01701  1.05800 (kcal/mol)
RMSD: 2.30960
Affinity: -5.95219  -0.08617 (kcal/mol)
RMSD: 1.62192
Affinity: -6.55085  -0.15456 (kcal/mol)
RMSD: 0.71269
Affinity: -6.55081  -0.15478 (kcal/mol)
RMSD: 0.71294
Affinity: -7.95360  -0.81884 (kcal/mol)
RMSD: 1.01960
Affinity: -6.43560  -0.50380 (kcal/mol)
RMSD: 1.46154
Affinity: -7.30075  -0.36843 (kcal/mol)
RMSD: 0.59906
Affinity: -6.74226  -0.05125 (kcal/mol)
RMSD: 0.73281
Affinity: -7.32491  -0.35310 (kcal/mol)
RMSD: 0.58727
Affinity: -6.72028  -0.03280 (kcal/mol)
RMSD: 0.72162
Affinity: -6.15636  0.19082 (kcal/mol)
RMSD: 0.98764
Affinity: -6.80980  -0.43951 (kcal/mol)
RMSD: 1.57821
Affinity: -6.83405  -0.34439 (kcal/mol)
RMSD: 1.99880
Affinity: -6.84403  -0.43610 (kcal/mol)
RMSD: 1.91703
Affinity: -5.87697  -0.45532 (kcal/mol)
RMSD: 0.87172
Affinity: -6.84692  -0.43873 (kcal/mol)
RMSD: 1.87868
Affinity: -6.88624  -0.36947 (kcal/mol)
RMSD: 1.80246
Affinity: -7.08506  -0.27684 (kcal/mol)
RMSD: 1.40648
Affinity: -4.29848  0.11614 (kcal/mol)
RMSD: 0.35817
Affinity: -4.80007  0.31419 (kcal/mol)
RMSD: 1.07938
Affinity: -5.24032  0.04385 (kcal/mol)
RMSD: 0.56427
Affinity: -5.24056  0.04392 (kcal/mol)
RMSD: 0.56423
Affinity: -6.05740  0.36446 (kcal/mol)
RMSD: 0.97211
Affinity: -6.05767  0.36480 (kcal/mol)
RMSD: 0.97193
Affinity: -5.68494  0.73455 (kcal/mol)
RMSD: 1.00498
Affinity: -5.58837  0.53513 (kcal/mol)
RMSD: 0.82043
Affinity: -6.75008  0.06307 (kcal/mol)
RMSD: 0.74838
Affinity: -6.77873  -0.30821 (kcal/mol)
RMSD: 0.61559
Affinity: -6.77863  -0.30816 (kcal/mol)
RMSD: 0.61529
Affinity: -5.11200  0.09046 (kcal/mol)
RMSD: 1.52269
Affinity: -5.06030  -0.01588 (kcal/mol)
RMSD: 1.63635
Affinity: -5.62870  -0.22629 (kcal/mol)
RMSD: 1.61948
Affinity: -5.65406  -0.00919 (kcal/mol)
RMSD: 1.40951
Affinity: -5.79065  -0.11781 (kcal/mol)
RMSD: 1.48301
Affinity: -6.83522  -0.08583 (kcal/mol)
RMSD: 0.98961
Affinity: -6.46143  -0.24944 (kcal/mol)
RMSD: 0.65843
Affinity: -6.78509  0.20340 (kcal/mol)
RMSD: 0.69141
Affinity: -6.15882  2.08485 (kcal/mol)
RMSD: 2.55200
Affinity: -5.42140  -0.00743 (kcal/mol)
RMSD: 1.73660
Affinity: -7.18369  -0.46033 (kcal/mol)
RMSD: 0.68446
Affinity: -7.23370  -0.23949 (kcal/mol)
RMSD: 0.70614
Affinity: -7.65704  -0.16290 (kcal/mol)
RMSD: 1.02736
Affinity: -7.50218  -0.01810 (kcal/mol)
RMSD: 0.77369
Affinity: -7.82127  -0.48704 (kcal/mol)
RMSD: 1.23309
Affinity: -7.94788  0.49759 (kcal/mol)
RMSD: 0.64704
Affinity: -7.70764  -0.24993 (kcal/mol)
RMSD: 2.15331
Affinity: -4.22378  -0.33438 (kcal/mol)
RMSD: 1.64866
Affinity: -6.85426  -0.21980 (kcal/mol)
RMSD: 0.90878
Affinity: -6.04287  0.22620 (kcal/mol)
RMSD: 0.47187
Affinity: -6.12346  0.18199 (kcal/mol)
RMSD: 0.43954
Affinity: -6.51215  -0.21398 (kcal/mol)
RMSD: 0.76286
Affinity: -6.25071  0.03168 (kcal/mol)
RMSD: 1.74945
Affinity: -5.83685  -0.34590 (kcal/mol)
RMSD: 0.75578
Affinity: -5.95318  -0.28475 (kcal/mol)
RMSD: 0.79508
Affinity: -5.65791  -0.23374 (kcal/mol)
RMSD: 1.74031
Affinity: -5.62446  -0.22315 (kcal/mol)
RMSD: 1.79916
Affinity: -7.06466  0.03742 (kcal/mol)
RMSD: 1.61603
Affinity: -7.51434  -0.41948 (kcal/mol)
RMSD: 0.65823
Affinity: -7.46592  -0.46330 (kcal/mol)
RMSD: 0.72693
Affinity: -7.44312  -0.45242 (kcal/mol)
RMSD: 0.59477
Affinity: -7.44314  -0.45237 (kcal/mol)
RMSD: 0.59471
Affinity: -7.37978  -0.42747 (kcal/mol)
RMSD: 0.60844
Affinity: -6.69195  0.26184 (kcal/mol)
RMSD: 0.93622
Affinity: -4.39371  -0.27587 (kcal/mol)
RMSD: 2.15751
Affinity: -6.90604  0.08643 (kcal/mol)
RMSD: 0.96764
Affinity: -6.72754  -0.04727 (kcal/mol)
RMSD: 0.91779
