==14872== NVPROF is profiling process 14872, command: ../build/linux-gpu/release/smina.gpu -r receptor.pdb -l smaller_test.sdf --autobox_ligand MES.pdb --gpu --minimize
              _             
             (_)            
   __ _ _ __  _ _ __   __ _ 
  / _` | '_ \| | '_ \ / _` |
 | (_| | | | | | | | | (_| |
  \__, |_| |_|_|_| |_|\__,_|
   __/ |                    
  |___/                     

gnina is based off of smina and AutoDock Vina.
Please cite appropriately.

*** IMPORTANT: gnina is not yet intended for production use. Use smina. ***

Weights      Terms
-0.035579    gauss(o=0,_w=0.5,_c=8)
-0.005156    gauss(o=3,_w=2,_c=8)
0.840245     repulsion(o=0,_c=8)
-0.035069    hydrophobic(g=0.5,_b=1.5,_c=8)
-0.587439    non_dir_h_bond(g=-0.7,_b=0,_c=8)
1.923        num_tors_div

Affinity: 0.19059  -0.48632 (kcal/mol)
RMSD: 3.13288
Affinity: 5.33262  -0.01918 (kcal/mol)
RMSD: 3.85467
Affinity: -0.70317  -0.33335 (kcal/mol)
RMSD: 4.79311
Affinity: -0.21852  0.21813 (kcal/mol)
RMSD: 5.56879
Affinity: -4.88972  -2.10981 (kcal/mol)
RMSD: 5.70898
Affinity: -4.84294  -0.19541 (kcal/mol)
RMSD: 5.93215
Affinity: -3.56613  1.62573 (kcal/mol)
RMSD: 4.61924
Affinity: 6.11384  3.99955 (kcal/mol)
RMSD: 4.19196
Affinity: 5.03588  1.01983 (kcal/mol)
RMSD: 3.34906
Affinity: -0.51035  -0.60666 (kcal/mol)
RMSD: 6.76555
==14872== Profiling application: ../build/linux-gpu/release/smina.gpu -r receptor.pdb -l smaller_test.sdf --autobox_ligand MES.pdb --gpu --minimize
Loop time 0.96389
==14872== Profiling result:
Time(%)      Time     Calls       Avg       Min       Max  Name
 79.18%  207.94ms      3364  61.814us  56.385us  67.969us  interaction_energy(GPUNonCacheInfo*, unsigned int, float, float)
  9.31%  24.457ms     10093  2.4230us  2.2720us  9.1200us  [CUDA memset]
  6.90%  18.110ms      3364  5.3830us  5.2160us  5.6320us  void thrust::system::cuda::detail::bulk_::detail::launch_by_value<unsigned int=128, thrust::system::cuda::detail::bulk_::detail::cuda_task<thrust::system::cuda::detail::bulk_::parallel_group<thrust::system::cuda::detail::bulk_::concurrent_group<thrust::system::cuda::detail::bulk_::agent<unsigned long=7>, unsigned long=128>, unsigned long=0>, thrust::system::cuda::detail::bulk_::detail::closure<thrust::system::cuda::detail::reduce_detail::reduce_partitions, thrust::tuple<thrust::system::cuda::detail::bulk_::detail::cursor<unsigned int=1>, thrust::device_ptr<float>, thrust::system::cuda::detail::aligned_decomposition<long>, thrust::detail::normal_iterator<thrust::pointer<float, thrust::system::cuda::detail::tag, thrust::use_default, thrust::use_default>>, float, thrust::plus<float>, thrust::null_type, thrust::null_type, thrust::null_type, thrust::null_type>>>>(unsigned long=7)
  3.56%  9.3468ms      6728  1.3890us  1.3120us  1.7280us  [CUDA memcpy DtoH]
  1.05%  2.7640ms      4129     669ns     608ns  1.7280us  [CUDA memcpy HtoD]

==14872== API calls:
Time(%)      Time     Calls       Avg       Min       Max  Name
 40.00%  219.96ms      3364  65.385us  2.7370us  75.199us  cudaThreadSynchronize
 20.32%  111.75ms      4134  27.031us  4.2350us  88.942ms  cudaMalloc
  9.87%  54.276ms      7493  7.2430us  3.2110us  31.638us  cudaMemcpy
  7.45%  40.964ms     10093  4.0580us  2.5660us  261.51us  cudaMemset
  5.69%  31.266ms      6728  4.6470us  3.9030us  236.57us  cudaLaunch
  5.46%  30.006ms      3364  8.9190us  8.4670us  29.185us  cudaMemcpyAsync
  4.46%  24.536ms      3364  7.2930us  1.0700us  17.670us  cudaEventSynchronize
  2.59%  14.264ms      3364  4.2400us  3.9970us  17.338us  cudaFree
  1.73%  9.4908ms      6728  1.4100us  1.2110us  12.834us  cudaFuncGetAttributes
  0.50%  2.7764ms      3364     825ns     705ns  1.9680us  cudaEventCreateWithFlags
  0.42%  2.2967ms     10093     227ns     180ns  9.0640us  cudaGetDevice
  0.38%  2.0903ms     16820     124ns      97ns     460ns  cudaSetupArgument
  0.36%  2.0008ms      3364     594ns     532ns  1.3320us  cudaEventDestroy
  0.32%  1.7521ms      3364     520ns     476ns  3.8400us  cudaEventRecord
  0.23%  1.2530ms      6728     186ns     103ns  223.06us  cudaConfigureCall
  0.10%  558.58us      3364     166ns     141ns     348ns  cudaGetLastError
  0.05%  281.96us        83  3.3970us     155ns  122.40us  cuDeviceGetAttribute
  0.05%  270.98us         1  270.98us  270.98us  270.98us  cudaGetDeviceProperties
  0.01%  38.018us         1  38.018us  38.018us  38.018us  cuDeviceTotalMem
  0.01%  29.378us         1  29.378us  29.378us  29.378us  cuDeviceGetName
  0.00%  6.7540us         1  6.7540us  6.7540us  6.7540us  cudaSetDevice
  0.00%  2.9070us        11     264ns     186ns     684ns  cudaDeviceGetAttribute
  0.00%  1.6920us         1  1.6920us  1.6920us  1.6920us  cudaProfilerStart
  0.00%  1.2420us         2     621ns     246ns     996ns  cuDeviceGetCount
  0.00%     553ns         2     276ns     211ns     342ns  cuDeviceGet
